5c5
< DENIED
---
> OK
9c9
< DENIED
---
> OK
13c13
< DENIED
---
> OK
27a28,44
> ERROR (No room)
> 
> ENTER-ROOM aquaman xyz python-programming
> response:
> ERROR (Wrong password)
> 
> ENTER-ROOM spiderman peterpark c-programming
> response:
> OK
> 
> ENTER-ROOM aquaman xyz c-programming
> response:
> ERROR (Wrong password)
> 
> ENTER-ROOM mary poppins c-programming
> response:
> OK
29a47,54
> GET-USERS-IN-ROOM unknown clarkkent java-programming
> response:
> ERROR (Wrong password)
> 
> GET-USERS-IN-ROOM mary poppins java-programming
> response:
> 
> 
30a56,59
> ENTER-ROOM spiderman peterpark c-programming
> response:
> OK
> 
31a61,64
> GET-USERS-IN-ROOM unknown peterpark c-programming
> response:
> ERROR (Wrong password)
> 
32a66,73
> SEND-MESSAGE superman clarkkent c-programming Hi everybody!
> response:
> ERROR (user not in room)
> 
> SEND-MESSAGE unknown poppins c-programming Welcome to the talk program!
> response:
> ERROR (Wrong password)
> 
33a75,82
> SEND-MESSAGE superman clarkkent java-programming Welcome to java-programming!
> response:
> ERROR (user not in room)
> 
> SEND-MESSAGE aquaman xyz java-programming Java is based on C++!
> response:
> ERROR (Wrong password)
> 
34a84,87
> GET-MESSAGES mary poppins 0 java-programming
> response:
> ERROR (User not in room)
> 
35a89,92
> GET-MESSAGES superman clarkkent 0 c-programming
> response:
> ERROR (User not in room)
> 
36a94,101
> GET-MESSAGES mary poppins 10000 c-programming
> response:
> NO-NEW-MESSAGES
> 
> LEAVE-ROOM mary poppins c-programming
> response:
> OK
> 
37a103,106
> GET-MESSAGES superman clarkkent 4 java-programming
> response:
> ERROR (User not in room)
> 
