34c34
< DENIED
---
> ERROR (Wrong password)
48c48
< DENIED
---
> ERROR (Wrong password)
57c57
< DENIED
---
> ERROR (Wrong password)
66c66
< DENIED
---
> ERROR (Wrong password)
75c75
< DENIED
---
> ERROR (Wrong password)
84c84
< DENIED
---
> ERROR (Wrong password)
